// Jest Snapshot v1, https://goo.gl/fbAQLP

exports[`Prueba de CounterApp.js Debe mostrar <CounterApp /> correctamente 1`] = `
<Fragment>
  <h1>
    CounterApp
  </h1>
  <h2>
     
    1
     
  </h2>
  <button
    id="btnAdd"
    onClick={[Function]}
  >
    +1
  </button>
  <button
    id="btnReset"
    onClick={[Function]}
  >
    Reset
  </button>
  <button
    id="btnSubstract"
    onClick={[Function]}
  >
    -1
  </button>
</Fragment>
`;
